2026-09-28 12:00:50,388 - tcex -     INFO - app-name="Publish Automation" (logger.py:_log_app_data:246:MainThread)
2026-09-28 12:00:50,390 - tcex -     INFO - app-id=dbedd600-8815-42ce-9077-18d1cc8f1f13 (logger.py:_log_app_data:248:MainThread)
2026-09-28 12:00:50,391 - tcex -     INFO - app-features=aotExecutionEnabled,appBuilderCompliant,fileParams,redisPasswordSupport,runtimeVariables (logger.py:_log_app_data:250:MainThread)
2026-09-28 12:00:50,393 - tcex -     INFO - app-minimum-threatconnect-version=7.2.0 (logger.py:_log_app_data:251:MainThread)
2026-09-28 12:00:50,395 - tcex -     INFO - app-runtime-level=Playbook (logger.py:_log_app_data:252:MainThread)
2026-09-28 12:00:50,395 - tcex -     INFO - app-version=1.0.0 (logger.py:_log_app_data:256:MainThread)
2026-09-28 12:00:50,434 - tcex -     INFO - platform="macOS-27.0-arm64-arm-64bit" (logger.py:_log_platform:275:MainThread)
2026-09-28 12:00:50,435 - tcex -     INFO - pid=23236 (logger.py:_log_platform:276:MainThread)
2026-09-28 12:00:50,439 - tcex -     INFO - python-version=3.11.15 (logger.py:_log_python_version:280:MainThread)
2026-09-28 12:00:50,439 - tcex -     INFO - env-all-proxy=None (logger.py:_log_environment:262:MainThread)
2026-09-28 12:00:50,440 - tcex -     INFO - env-http-proxy=None (logger.py:_log_environment:263:MainThread)
2026-09-28 12:00:50,440 - tcex -     INFO - env-https-proxy=None (logger.py:_log_environment:264:MainThread)
2026-09-28 12:00:50,440 - tcex -     INFO - env-no-proxy=None (logger.py:_log_environment:265:MainThread)
2026-09-28 12:00:50,441 - tcex -     INFO - env-curl-ca-bundle=None (logger.py:_log_environment:266:MainThread)
2026-09-28 12:00:50,441 - tcex -     INFO - env-request-ca-bundle=None (logger.py:_log_environment:267:MainThread)
2026-09-28 12:00:50,441 - tcex -     INFO - env-ssl-cert-file=None (logger.py:_log_environment:268:MainThread)
2026-09-28 12:00:50,442 - tcex -     INFO - certifi-where=/Users/david.capella/.venv/lib/python3.11/site-packages/certifi/cacert.pem (logger.py:_log_environment:271:MainThread)
2026-09-28 12:00:50,443 - tcex -     INFO - tcex-version=4.0.11 (logger.py:_log_tcex_version:298:MainThread)
2026-09-28 12:00:50,450 - tcex -    TRACE - setup (playbook_app.py:setup:45:MainThread)
2026-09-28 12:00:50,450 - tcex -    DEBUG - feature=token, event=renewal-monitor-started (token.py:token_renewal_monitor:258:token-renewal)
2026-09-28 12:00:50,451 - tcex -     INFO - feature=external-session, action=applying-retry, retries=3, backoff-factor=0.3, status-forcelist=None, url=https:// (external_session.py:retry:378:MainThread)
2026-09-28 12:00:50,641 - tcex -    DEBUG - curl -X GET -H 'Accept: */*' -H 'Accept-Encoding: deflate' -H 'Authorization: T****=' -H 'Connection: keep-alive' -H 'Timestamp: 1790614850' -H 'User-Agent: TcEx/4.0.11, Publish Automation/1.0.0' --insecure https://success.threatconnect.com/api/v3/groups/1234567890?fields=securityLabels&fields=tags&fields=attributes&fields=associatedIndicators&fields=associatedIndicators.securityLabels&fields=associatedGroups (tc_session.py:_log_curl:75:MainThread)
2026-09-28 12:00:50,641 - tcex -    DEBUG - feature=tc-session, method=GET, request-url=https://success.threatconnect.com/api/v3/groups/1234567890?fields=securityLabels&fields=tags&fields=attributes&fields=associatedIndicators&fields=associatedIndicators.securityLabels&fields=associatedGroups, status-code=404, elapsed=0:00:00.183428 (tc_session.py:request:98:MainThread)
2026-09-28 12:00:50,643 - tcex -    DEBUG - Token renewal barrier enabled. (token.py:token_renewal_monitor:265:token-renewal)
2026-09-28 12:00:50,643 - tcex -    DEBUG - Token renewal barrier disabled. (token.py:token_renewal_monitor:301:token-renewal)
2026-09-28 12:00:50,644 - tcex -    DEBUG - Token renewal monitor shutdown signal received (token.py:token_renewal_monitor:309:token-renewal)
2026-09-28 12:00:50,644 - tcex -    ERROR - exit-message="Group 1234567890 was not found" (exit.py:_exit_msg_handler:149:MainThread)
2026-09-28 12:00:50,645 - tcex -     INFO - exit-code=1 (Failure) (exit.py:_exit:66:MainThread)
2026-09-28 14:43:17,920 - tcex -     INFO - app-name="Publish Automation" (logger.py:_log_app_data:246:MainThread)
2026-09-28 14:43:17,921 - tcex -     INFO - app-id=dbedd600-8815-42ce-9077-18d1cc8f1f13 (logger.py:_log_app_data:248:MainThread)
2026-09-28 14:43:17,921 - tcex -     INFO - app-features=aotExecutionEnabled,appBuilderCompliant,fileParams,redisPasswordSupport,runtimeVariables (logger.py:_log_app_data:250:MainThread)
2026-09-28 14:43:17,922 - tcex -     INFO - app-minimum-threatconnect-version=7.2.0 (logger.py:_log_app_data:251:MainThread)
2026-09-28 14:43:17,922 - tcex -     INFO - app-runtime-level=Playbook (logger.py:_log_app_data:252:MainThread)
2026-09-28 14:43:17,922 - tcex -     INFO - app-version=1.0.0 (logger.py:_log_app_data:256:MainThread)
2026-09-28 14:43:17,951 - tcex -     INFO - platform="macOS-27.0-arm64-arm-64bit" (logger.py:_log_platform:275:MainThread)
2026-09-28 14:43:17,951 - tcex -     INFO - pid=27209 (logger.py:_log_platform:276:MainThread)
2026-09-28 14:43:17,951 - tcex -     INFO - python-version=3.11.15 (logger.py:_log_python_version:280:MainThread)
2026-09-28 14:43:17,952 - tcex -     INFO - env-all-proxy=None (logger.py:_log_environment:262:MainThread)
2026-09-28 14:43:17,952 - tcex -     INFO - env-http-proxy=None (logger.py:_log_environment:263:MainThread)
2026-09-28 14:43:17,952 - tcex -     INFO - env-https-proxy=None (logger.py:_log_environment:264:MainThread)
2026-09-28 14:43:17,953 - tcex -     INFO - env-no-proxy=None (logger.py:_log_environment:265:MainThread)
2026-09-28 14:43:17,953 - tcex -     INFO - env-curl-ca-bundle=None (logger.py:_log_environment:266:MainThread)
2026-09-28 14:43:17,953 - tcex -     INFO - env-request-ca-bundle=None (logger.py:_log_environment:267:MainThread)
2026-09-28 14:43:17,954 - tcex -     INFO - env-ssl-cert-file=None (logger.py:_log_environment:268:MainThread)
2026-09-28 14:43:17,954 - tcex -     INFO - certifi-where=/Users/david.capella/.venv/lib/python3.11/site-packages/certifi/cacert.pem (logger.py:_log_environment:271:MainThread)
2026-09-28 14:43:17,955 - tcex -     INFO - tcex-version=4.0.11 (logger.py:_log_tcex_version:298:MainThread)
2026-09-28 14:43:17,962 - tcex -    DEBUG - feature=token, event=renewal-monitor-started (token.py:token_renewal_monitor:258:token-renewal)
2026-09-28 14:43:17,962 - tcex -    TRACE - setup (playbook_app.py:setup:45:MainThread)
2026-09-28 14:43:17,963 - tcex -     INFO - feature=external-session, action=applying-retry, retries=3, backoff-factor=0.3, status-forcelist=None, url=https:// (external_session.py:retry:378:MainThread)
2026-09-28 14:43:18,591 - tcex -    DEBUG - curl -X GET -H 'Accept: */*' -H 'Accept-Encoding: deflate' -H 'Authorization: T****=' -H 'Connection: keep-alive' -H 'Timestamp: 1790624597' -H 'User-Agent: TcEx/4.0.11, Publish Automation/1.0.0' --insecure https://success.threatconnect.com/api/v3/groups/2251799821773808?fields=securityLabels&fields=tags&fields=attributes&fields=associatedIndicators&fields=associatedIndicators.securityLabels&fields=associatedGroups (tc_session.py:_log_curl:75:MainThread)
2026-09-28 14:43:18,592 - tcex -    DEBUG - feature=tc-session, method=GET, request-url=https://success.threatconnect.com/api/v3/groups/2251799821773808?fields=securityLabels&fields=tags&fields=attributes&fields=associatedIndicators&fields=associatedIndicators.securityLabels&fields=associatedGroups, status-code=200, elapsed=0:00:00.620408 (tc_session.py:request:98:MainThread)
2026-09-28 14:43:18,653 - tcex -    DEBUG - curl -X GET -H 'Accept: */*' -H 'Accept-Encoding: deflate' -H 'Authorization: T****=' -H 'Connection: keep-alive' -H 'Timestamp: 1790624598' -H 'User-Agent: TcEx/4.0.11, Publish Automation/1.0.0' --insecure https://success.threatconnect.com/api/v3/groups/7c9e0b73-a771-52be-a455-c6c996b0b8d4?owner=Capella+Community (tc_session.py:_log_curl:75:MainThread)
2026-09-28 14:43:18,655 - tcex -    DEBUG - feature=tc-session, method=GET, request-url=https://success.threatconnect.com/api/v3/groups/7c9e0b73-a771-52be-a455-c6c996b0b8d4?owner=Capella+Community, status-code=404, elapsed=0:00:00.057177 (tc_session.py:request:98:MainThread)
2026-09-28 14:43:18,727 - tcex -    DEBUG - curl -X GET -H 'Accept: */*' -H 'Accept-Encoding: deflate' -H 'Authorization: T****=' -H 'Connection: keep-alive' -H 'Timestamp: 1790624598' -H 'User-Agent: TcEx/4.0.11, Publish Automation/1.0.0' --insecure https://success.threatconnect.com/api/v2/types/indicatorTypes (tc_session.py:_log_curl:75:MainThread)
2026-09-28 14:43:18,728 - tcex -    DEBUG - feature=tc-session, method=GET, request-url=https://success.threatconnect.com/api/v2/types/indicatorTypes, status-code=200, elapsed=0:00:00.061866 (tc_session.py:request:98:MainThread)
2026-09-28 14:43:18,752 - tcex -     INFO - feature=batch, event=submit-create-and-upload, type=group, count=1 (batch.py:submit_create_and_upload:899:MainThread)
2026-09-28 14:43:18,753 - tcex -     INFO - feature=batch, event=submit-create-and-upload, type=indicator, count=0 (batch.py:submit_create_and_upload:903:MainThread)
2026-09-28 14:43:21,114 - tcex -    DEBUG - curl -X POST -H 'Accept: */*' -H 'Accept-Encoding: deflate' -H 'Authorization: T****=' -H 'Connection: keep-alive' -H 'Content-Length: 5069' -H 'Content-Type: multipart/form-data; boundary=f96da6e09e7568b703b8279e38d6bd1a' -H 'Cookie: J****6' -H 'Timestamp: 1790624598' -H 'User-Agent: TcEx/4.0.11, Publish Automation/1.0.0' --data-binary @/tmp/body-file --insecure https://success.threatconnect.com/api/v2/batch/createAndUpload?includeAdditional=true (tc_session.py:_log_curl:75:MainThread)
2026-09-28 14:43:21,115 - tcex -    DEBUG - feature=tc-session, method=POST, request-url=https://success.threatconnect.com/api/v2/batch/createAndUpload?includeAdditional=true, status-code=200, elapsed=0:00:02.357908 (tc_session.py:request:98:MainThread)
2026-09-28 14:43:21,116 - tcex -     INFO - feature=batch, event=submit-thread, name=submit-files (batch.py:submit_thread:1104:MainThread)
2026-09-28 14:43:21,117 - tcex -     INFO - feature=batch, action=submit-files, count=1 (batch.py:submit_files:942:submit-files)
2026-09-28 14:43:21,117 - tcex -  WARNING - feature=batch-submit-files, xid=7c9e0b73-a771-52be-a455-c6c996b0b8d4, event=content-null (batch.py:submit_files:968:submit-files)
2026-09-28 14:43:21,181 - tcex -    DEBUG - curl -X GET -H 'Accept: */*' -H 'Accept-Encoding: deflate' -H 'Authorization: T****=' -H 'Connection: keep-alive' -H 'Cookie: J****6' -H 'Timestamp: 1790624601' -H 'User-Agent: TcEx/4.0.11, Publish Automation/1.0.0' --insecure https://success.threatconnect.com/api/v3/groups/f82a1a8b-23fe-56f3-8652-9942f1a4436d?owner=Capella+Source (tc_session.py:_log_curl:75:MainThread)
2026-09-28 14:43:21,183 - tcex -    DEBUG - feature=tc-session, method=GET, request-url=https://success.threatconnect.com/api/v3/groups/f82a1a8b-23fe-56f3-8652-9942f1a4436d?owner=Capella+Source, status-code=404, elapsed=0:00:00.059578 (tc_session.py:request:98:MainThread)
2026-09-28 14:43:21,242 - tcex -    DEBUG - curl -X GET -H 'Accept: */*' -H 'Accept-Encoding: deflate' -H 'Authorization: T****=' -H 'Connection: keep-alive' -H 'Cookie: J****6' -H 'Timestamp: 1790624601' -H 'User-Agent: TcEx/4.0.11, Publish Automation/1.0.0' --insecure https://success.threatconnect.com/api/v2/types/indicatorTypes (tc_session.py:_log_curl:75:MainThread)
2026-09-28 14:43:21,244 - tcex -    DEBUG - feature=tc-session, method=GET, request-url=https://success.threatconnect.com/api/v2/types/indicatorTypes, status-code=200, elapsed=0:00:00.056068 (tc_session.py:request:98:MainThread)
2026-09-28 14:43:21,248 - tcex -     INFO - feature=batch, event=submit-create-and-upload, type=group, count=1 (batch.py:submit_create_and_upload:899:MainThread)
2026-09-28 14:43:21,249 - tcex -     INFO - feature=batch, event=submit-create-and-upload, type=indicator, count=0 (batch.py:submit_create_and_upload:903:MainThread)
2026-09-28 14:43:23,438 - tcex -    DEBUG - curl -X POST -H 'Accept: */*' -H 'Accept-Encoding: deflate' -H 'Authorization: T****=' -H 'Connection: keep-alive' -H 'Content-Length: 5066' -H 'Content-Type: multipart/form-data; boundary=3a604cce0d8b15b40e1fab91689561e8' -H 'Cookie: J****6' -H 'Timestamp: 1790624601' -H 'User-Agent: TcEx/4.0.11, Publish Automation/1.0.0' --data-binary @/tmp/body-file --insecure https://success.threatconnect.com/api/v2/batch/createAndUpload?includeAdditional=true (tc_session.py:_log_curl:75:MainThread)
2026-09-28 14:43:23,440 - tcex -    DEBUG - feature=tc-session, method=POST, request-url=https://success.threatconnect.com/api/v2/batch/createAndUpload?includeAdditional=true, status-code=200, elapsed=0:00:02.186772 (tc_session.py:request:98:MainThread)
2026-09-28 14:43:23,441 - tcex -     INFO - feature=batch, event=submit-thread, name=submit-files (batch.py:submit_thread:1104:MainThread)
2026-09-28 14:43:23,442 - tcex -     INFO - feature=batch, action=submit-files, count=1 (batch.py:submit_files:942:submit-files)
2026-09-28 14:43:23,442 - tcex -  WARNING - feature=batch-submit-files, xid=f82a1a8b-23fe-56f3-8652-9942f1a4436d, event=content-null (batch.py:submit_files:968:submit-files)
2026-09-28 14:43:23,444 - tcex -     INFO - Publish complete: [{'owner': 'Capella Community', 'xid': '7c9e0b73-a771-52be-a455-c6c996b0b8d4', 'status': 'published'}, {'owner': 'Capella Source', 'xid': 'f82a1a8b-23fe-56f3-8652-9942f1a4436d', 'status': 'published'}] (app.py:run:25:MainThread)
2026-09-28 14:43:23,447 - tcex -    DEBUG - writing variable #App:9876:publish.result!String (playbook_create.py:_create_data:105:MainThread)
2026-09-28 14:43:23,455 - tcex -    TRACE - teardown (playbook_app.py:teardown:49:MainThread)
2026-09-28 14:43:23,458 - tcex -    DEBUG - Token renewal barrier enabled. (token.py:token_renewal_monitor:265:token-renewal)
2026-09-28 14:43:23,460 - tcex -    DEBUG - Token renewal barrier disabled. (token.py:token_renewal_monitor:301:token-renewal)
2026-09-28 14:43:23,461 - tcex -     INFO - exit-message="Success" (exit.py:_exit_msg_handler:147:MainThread)
2026-09-28 14:43:23,462 - tcex -    DEBUG - Token renewal monitor shutdown signal received (token.py:token_renewal_monitor:309:token-renewal)
2026-09-28 14:43:23,466 - tcex -     INFO - exit-code=0 (Success) (exit.py:_exit:66:MainThread)
2026-09-28 14:44:30,051 - tcex -     INFO - app-name="Publish Automation" (logger.py:_log_app_data:246:MainThread)
2026-09-28 14:44:30,051 - tcex -     INFO - app-id=dbedd600-8815-42ce-9077-18d1cc8f1f13 (logger.py:_log_app_data:248:MainThread)
2026-09-28 14:44:30,052 - tcex -     INFO - app-features=aotExecutionEnabled,appBuilderCompliant,fileParams,redisPasswordSupport,runtimeVariables (logger.py:_log_app_data:250:MainThread)
2026-09-28 14:44:30,052 - tcex -     INFO - app-minimum-threatconnect-version=7.2.0 (logger.py:_log_app_data:251:MainThread)
2026-09-28 14:44:30,052 - tcex -     INFO - app-runtime-level=Playbook (logger.py:_log_app_data:252:MainThread)
2026-09-28 14:44:30,053 - tcex -     INFO - app-version=1.0.0 (logger.py:_log_app_data:256:MainThread)
2026-09-28 14:44:30,078 - tcex -     INFO - platform="macOS-27.0-arm64-arm-64bit" (logger.py:_log_platform:275:MainThread)
2026-09-28 14:44:30,078 - tcex -     INFO - pid=27287 (logger.py:_log_platform:276:MainThread)
2026-09-28 14:44:30,079 - tcex -     INFO - python-version=3.11.15 (logger.py:_log_python_version:280:MainThread)
2026-09-28 14:44:30,079 - tcex -     INFO - env-all-proxy=None (logger.py:_log_environment:262:MainThread)
2026-09-28 14:44:30,079 - tcex -     INFO - env-http-proxy=None (logger.py:_log_environment:263:MainThread)
2026-09-28 14:44:30,080 - tcex -     INFO - env-https-proxy=None (logger.py:_log_environment:264:MainThread)
2026-09-28 14:44:30,080 - tcex -     INFO - env-no-proxy=None (logger.py:_log_environment:265:MainThread)
2026-09-28 14:44:30,080 - tcex -     INFO - env-curl-ca-bundle=None (logger.py:_log_environment:266:MainThread)
2026-09-28 14:44:30,081 - tcex -     INFO - env-request-ca-bundle=None (logger.py:_log_environment:267:MainThread)
2026-09-28 14:44:30,081 - tcex -     INFO - env-ssl-cert-file=None (logger.py:_log_environment:268:MainThread)
2026-09-28 14:44:30,081 - tcex -     INFO - certifi-where=/Users/david.capella/.venv/lib/python3.11/site-packages/certifi/cacert.pem (logger.py:_log_environment:271:MainThread)
2026-09-28 14:44:30,082 - tcex -     INFO - tcex-version=4.0.11 (logger.py:_log_tcex_version:298:MainThread)
2026-09-28 14:44:30,089 - tcex -    TRACE - setup (playbook_app.py:setup:45:MainThread)
2026-09-28 14:44:30,089 - tcex -    DEBUG - feature=token, event=renewal-monitor-started (token.py:token_renewal_monitor:258:token-renewal)
2026-09-28 14:44:30,091 - tcex -     INFO - feature=external-session, action=applying-retry, retries=3, backoff-factor=0.3, status-forcelist=None, url=https:// (external_session.py:retry:378:MainThread)
2026-09-28 14:44:30,347 - tcex -    DEBUG - curl -X GET -H 'Accept: */*' -H 'Accept-Encoding: deflate' -H 'Authorization: T****=' -H 'Connection: keep-alive' -H 'Timestamp: 1790624670' -H 'User-Agent: TcEx/4.0.11, Publish Automation/1.0.0' --insecure https://success.threatconnect.com/api/v3/groups/2251799821773808?fields=securityLabels&fields=tags&fields=attributes&fields=associatedIndicators&fields=associatedIndicators.securityLabels&fields=associatedGroups (tc_session.py:_log_curl:75:MainThread)
2026-09-28 14:44:30,348 - tcex -    DEBUG - feature=tc-session, method=GET, request-url=https://success.threatconnect.com/api/v3/groups/2251799821773808?fields=securityLabels&fields=tags&fields=attributes&fields=associatedIndicators&fields=associatedIndicators.securityLabels&fields=associatedGroups, status-code=200, elapsed=0:00:00.248188 (tc_session.py:request:98:MainThread)
2026-09-28 14:44:30,415 - tcex -    DEBUG - curl -X GET -H 'Accept: */*' -H 'Accept-Encoding: deflate' -H 'Authorization: T****=' -H 'Connection: keep-alive' -H 'Timestamp: 1790624670' -H 'User-Agent: TcEx/4.0.11, Publish Automation/1.0.0' --insecure https://success.threatconnect.com/api/v3/groups/7c9e0b73-a771-52be-a455-c6c996b0b8d4?owner=Capella+Community (tc_session.py:_log_curl:75:MainThread)
2026-09-28 14:44:30,416 - tcex -    DEBUG - feature=tc-session, method=GET, request-url=https://success.threatconnect.com/api/v3/groups/7c9e0b73-a771-52be-a455-c6c996b0b8d4?owner=Capella+Community, status-code=200, elapsed=0:00:00.064234 (tc_session.py:request:98:MainThread)
2026-09-28 14:44:30,484 - tcex -    DEBUG - curl -X GET -H 'Accept: */*' -H 'Accept-Encoding: deflate' -H 'Authorization: T****=' -H 'Connection: keep-alive' -H 'Timestamp: 1790624670' -H 'User-Agent: TcEx/4.0.11, Publish Automation/1.0.0' --insecure https://success.threatconnect.com/api/v3/groups/f82a1a8b-23fe-56f3-8652-9942f1a4436d?owner=Capella+Source (tc_session.py:_log_curl:75:MainThread)
2026-09-28 14:44:30,484 - tcex -    DEBUG - feature=tc-session, method=GET, request-url=https://success.threatconnect.com/api/v3/groups/f82a1a8b-23fe-56f3-8652-9942f1a4436d?owner=Capella+Source, status-code=200, elapsed=0:00:00.065675 (tc_session.py:request:98:MainThread)
2026-09-28 14:44:30,485 - tcex -     INFO - Publish complete: [{'owner': 'Capella Community', 'xid': '7c9e0b73-a771-52be-a455-c6c996b0b8d4', 'status': 'existing'}, {'owner': 'Capella Source', 'xid': 'f82a1a8b-23fe-56f3-8652-9942f1a4436d', 'status': 'existing'}] (app.py:run:25:MainThread)
2026-09-28 14:44:30,487 - tcex -    DEBUG - writing variable #App:9876:publish.result!String (playbook_create.py:_create_data:105:MainThread)
2026-09-28 14:44:30,491 - tcex -    TRACE - teardown (playbook_app.py:teardown:49:MainThread)
2026-09-28 14:44:30,494 - tcex -    DEBUG - Token renewal barrier enabled. (token.py:token_renewal_monitor:265:token-renewal)
2026-09-28 14:44:30,494 - tcex -    DEBUG - Token renewal barrier disabled. (token.py:token_renewal_monitor:301:token-renewal)
2026-09-28 14:44:30,495 - tcex -    DEBUG - Token renewal monitor shutdown signal received (token.py:token_renewal_monitor:309:token-renewal)
2026-09-28 14:44:30,495 - tcex -     INFO - exit-message="Success" (exit.py:_exit_msg_handler:147:MainThread)
2026-09-28 14:44:30,496 - tcex -     INFO - exit-code=0 (Success) (exit.py:_exit:66:MainThread)
2026-09-28 14:44:56,867 - tcex -     INFO - app-name="Publish Automation" (logger.py:_log_app_data:246:MainThread)
2026-09-28 14:44:56,868 - tcex -     INFO - app-id=dbedd600-8815-42ce-9077-18d1cc8f1f13 (logger.py:_log_app_data:248:MainThread)
2026-09-28 14:44:56,868 - tcex -     INFO - app-features=aotExecutionEnabled,appBuilderCompliant,fileParams,redisPasswordSupport,runtimeVariables (logger.py:_log_app_data:250:MainThread)
2026-09-28 14:44:56,868 - tcex -     INFO - app-minimum-threatconnect-version=7.2.0 (logger.py:_log_app_data:251:MainThread)
2026-09-28 14:44:56,869 - tcex -     INFO - app-runtime-level=Playbook (logger.py:_log_app_data:252:MainThread)
2026-09-28 14:44:56,869 - tcex -     INFO - app-version=1.0.0 (logger.py:_log_app_data:256:MainThread)
2026-09-28 14:44:56,894 - tcex -     INFO - platform="macOS-27.0-arm64-arm-64bit" (logger.py:_log_platform:275:MainThread)
2026-09-28 14:44:56,894 - tcex -     INFO - pid=27345 (logger.py:_log_platform:276:MainThread)
2026-09-28 14:44:56,895 - tcex -     INFO - python-version=3.11.15 (logger.py:_log_python_version:280:MainThread)
2026-09-28 14:44:56,895 - tcex -     INFO - env-all-proxy=None (logger.py:_log_environment:262:MainThread)
2026-09-28 14:44:56,895 - tcex -     INFO - env-http-proxy=None (logger.py:_log_environment:263:MainThread)
2026-09-28 14:44:56,896 - tcex -     INFO - env-https-proxy=None (logger.py:_log_environment:264:MainThread)
2026-09-28 14:44:56,896 - tcex -     INFO - env-no-proxy=None (logger.py:_log_environment:265:MainThread)
2026-09-28 14:44:56,896 - tcex -     INFO - env-curl-ca-bundle=None (logger.py:_log_environment:266:MainThread)
2026-09-28 14:44:56,897 - tcex -     INFO - env-request-ca-bundle=None (logger.py:_log_environment:267:MainThread)
2026-09-28 14:44:56,897 - tcex -     INFO - env-ssl-cert-file=None (logger.py:_log_environment:268:MainThread)
2026-09-28 14:44:56,897 - tcex -     INFO - certifi-where=/Users/david.capella/.venv/lib/python3.11/site-packages/certifi/cacert.pem (logger.py:_log_environment:271:MainThread)
2026-09-28 14:44:56,898 - tcex -     INFO - tcex-version=4.0.11 (logger.py:_log_tcex_version:298:MainThread)
2026-09-28 14:44:56,905 - tcex -    DEBUG - feature=token, event=renewal-monitor-started (token.py:token_renewal_monitor:258:token-renewal)
2026-09-28 14:44:56,906 - tcex -    TRACE - setup (playbook_app.py:setup:45:MainThread)
2026-09-28 14:44:56,907 - tcex -     INFO - feature=external-session, action=applying-retry, retries=3, backoff-factor=0.3, status-forcelist=None, url=https:// (external_session.py:retry:378:MainThread)
2026-09-28 14:44:57,145 - tcex -    DEBUG - curl -X GET -H 'Accept: */*' -H 'Accept-Encoding: deflate' -H 'Authorization: T****=' -H 'Connection: keep-alive' -H 'Timestamp: 1790624696' -H 'User-Agent: TcEx/4.0.11, Publish Automation/1.0.0' --insecure https://success.threatconnect.com/api/v3/groups/2251799821773808?fields=securityLabels&fields=tags&fields=attributes&fields=associatedIndicators&fields=associatedIndicators.securityLabels&fields=associatedGroups (tc_session.py:_log_curl:75:MainThread)
2026-09-28 14:44:57,145 - tcex -    DEBUG - feature=tc-session, method=GET, request-url=https://success.threatconnect.com/api/v3/groups/2251799821773808?fields=securityLabels&fields=tags&fields=attributes&fields=associatedIndicators&fields=associatedIndicators.securityLabels&fields=associatedGroups, status-code=200, elapsed=0:00:00.231393 (tc_session.py:request:98:MainThread)
2026-09-28 14:44:57,206 - tcex -    DEBUG - curl -X GET -H 'Accept: */*' -H 'Accept-Encoding: deflate' -H 'Authorization: T****=' -H 'Connection: keep-alive' -H 'Timestamp: 1790624697' -H 'User-Agent: TcEx/4.0.11, Publish Automation/1.0.0' --insecure https://success.threatconnect.com/api/v2/types/indicatorTypes (tc_session.py:_log_curl:75:MainThread)
2026-09-28 14:44:57,207 - tcex -    DEBUG - feature=tc-session, method=GET, request-url=https://success.threatconnect.com/api/v2/types/indicatorTypes, status-code=200, elapsed=0:00:00.053480 (tc_session.py:request:98:MainThread)
2026-09-28 14:44:57,216 - tcex -     INFO - feature=batch, event=submit-create-and-upload, type=group, count=1 (batch.py:submit_create_and_upload:899:MainThread)
2026-09-28 14:44:57,217 - tcex -     INFO - feature=batch, event=submit-create-and-upload, type=indicator, count=0 (batch.py:submit_create_and_upload:903:MainThread)
2026-09-28 14:44:59,029 - tcex -    DEBUG - curl -X POST -H 'Accept: */*' -H 'Accept-Encoding: deflate' -H 'Authorization: T****=' -H 'Connection: keep-alive' -H 'Content-Length: 5069' -H 'Content-Type: multipart/form-data; boundary=021d51ea92c3d808d48261d4d5fa59c0' -H 'Cookie: J****6' -H 'Timestamp: 1790624697' -H 'User-Agent: TcEx/4.0.11, Publish Automation/1.0.0' --data-binary @/tmp/body-file --insecure https://success.threatconnect.com/api/v2/batch/createAndUpload?includeAdditional=true (tc_session.py:_log_curl:75:MainThread)
2026-09-28 14:44:59,030 - tcex -    DEBUG - feature=tc-session, method=POST, request-url=https://success.threatconnect.com/api/v2/batch/createAndUpload?includeAdditional=true, status-code=200, elapsed=0:00:01.810057 (tc_session.py:request:98:MainThread)
2026-09-28 14:44:59,031 - tcex -     INFO - feature=batch, event=submit-thread, name=submit-files (batch.py:submit_thread:1104:MainThread)
2026-09-28 14:44:59,032 - tcex -     INFO - feature=batch, action=submit-files, count=1 (batch.py:submit_files:942:submit-files)
2026-09-28 14:44:59,032 - tcex -  WARNING - feature=batch-submit-files, xid=7c9e0b73-a771-52be-a455-c6c996b0b8d4, event=content-null (batch.py:submit_files:968:submit-files)
2026-09-28 14:44:59,091 - tcex -    DEBUG - curl -X GET -H 'Accept: */*' -H 'Accept-Encoding: deflate' -H 'Authorization: T****=' -H 'Connection: keep-alive' -H 'Cookie: J****6' -H 'Timestamp: 1790624699' -H 'User-Agent: TcEx/4.0.11, Publish Automation/1.0.0' --insecure https://success.threatconnect.com/api/v2/types/indicatorTypes (tc_session.py:_log_curl:75:MainThread)
2026-09-28 14:44:59,093 - tcex -    DEBUG - feature=tc-session, method=GET, request-url=https://success.threatconnect.com/api/v2/types/indicatorTypes, status-code=200, elapsed=0:00:00.053989 (tc_session.py:request:98:MainThread)
2026-09-28 14:44:59,096 - tcex -     INFO - feature=batch, event=submit-create-and-upload, type=group, count=1 (batch.py:submit_create_and_upload:899:MainThread)
2026-09-28 14:44:59,097 - tcex -     INFO - feature=batch, event=submit-create-and-upload, type=indicator, count=0 (batch.py:submit_create_and_upload:903:MainThread)
2026-09-28 14:45:00,811 - tcex -    DEBUG - curl -X POST -H 'Accept: */*' -H 'Accept-Encoding: deflate' -H 'Authorization: T****=' -H 'Connection: keep-alive' -H 'Content-Length: 5066' -H 'Content-Type: multipart/form-data; boundary=36cb46985f5801b2b826ad9b60dbf1b9' -H 'Cookie: J****6' -H 'Timestamp: 1790624699' -H 'User-Agent: TcEx/4.0.11, Publish Automation/1.0.0' --data-binary @/tmp/body-file --insecure https://success.threatconnect.com/api/v2/batch/createAndUpload?includeAdditional=true (tc_session.py:_log_curl:75:MainThread)
2026-09-28 14:45:00,812 - tcex -    DEBUG - feature=tc-session, method=POST, request-url=https://success.threatconnect.com/api/v2/batch/createAndUpload?includeAdditional=true, status-code=200, elapsed=0:00:01.710830 (tc_session.py:request:98:MainThread)
2026-09-28 14:45:00,813 - tcex -     INFO - feature=batch, event=submit-thread, name=submit-files (batch.py:submit_thread:1104:MainThread)
2026-09-28 14:45:00,813 - tcex -     INFO - feature=batch, action=submit-files, count=1 (batch.py:submit_files:942:submit-files)
2026-09-28 14:45:00,814 - tcex -  WARNING - feature=batch-submit-files, xid=f82a1a8b-23fe-56f3-8652-9942f1a4436d, event=content-null (batch.py:submit_files:968:submit-files)
2026-09-28 14:45:00,815 - tcex -     INFO - Publish complete: [{'owner': 'Capella Community', 'xid': '7c9e0b73-a771-52be-a455-c6c996b0b8d4', 'status': 'published'}, {'owner': 'Capella Source', 'xid': 'f82a1a8b-23fe-56f3-8652-9942f1a4436d', 'status': 'published'}] (app.py:run:25:MainThread)
2026-09-28 14:45:00,818 - tcex -    DEBUG - writing variable #App:9876:publish.result!String (playbook_create.py:_create_data:105:MainThread)
2026-09-28 14:45:00,826 - tcex -    TRACE - teardown (playbook_app.py:teardown:49:MainThread)
2026-09-28 14:45:00,828 - tcex -    DEBUG - Token renewal barrier enabled. (token.py:token_renewal_monitor:265:token-renewal)
2026-09-28 14:45:00,829 - tcex -    DEBUG - Token renewal barrier disabled. (token.py:token_renewal_monitor:301:token-renewal)
2026-09-28 14:45:00,830 - tcex -     INFO - exit-message="Success" (exit.py:_exit_msg_handler:147:MainThread)
2026-09-28 14:45:00,830 - tcex -    DEBUG - Token renewal monitor shutdown signal received (token.py:token_renewal_monitor:309:token-renewal)
2026-09-28 14:45:00,834 - tcex -     INFO - exit-code=0 (Success) (exit.py:_exit:66:MainThread)
