2026-07-22 23:30:05,153 - tcex -    DEBUG - feature=token, event=renewal-monitor-started (token.py:token_renewal_monitor:258:token-renewal)
2026-07-22 23:30:05,154 - tcex -    DEBUG - feature=token, action=token-register, key=MainThread, token=J****=, expiration=1784770203 (token.py:register_token:154:MainThread)
2026-07-22 23:30:05,156 - tcex -     INFO - app-name="PIR IOC Enrichment (Polarity)" (logger.py:_log_app_data:246:MainThread)
2026-07-22 23:30:05,157 - tcex -     INFO - app-id=fb3fdf6c-609a-4a73-a251-c240bd902794 (logger.py:_log_app_data:248:MainThread)
2026-07-22 23:30:05,157 - tcex -     INFO - app-features=CALSettings,fileParams,redisPasswordSupport (logger.py:_log_app_data:250:MainThread)
2026-07-22 23:30:05,158 - tcex -     INFO - app-minimum-threatconnect-version=7.2.0 (logger.py:_log_app_data:251:MainThread)
2026-07-22 23:30:05,159 - tcex -     INFO - app-runtime-level=Organization (logger.py:_log_app_data:252:MainThread)
2026-07-22 23:30:05,159 - tcex -     INFO - app-version=0.0.1 (logger.py:_log_app_data:256:MainThread)
2026-07-22 23:30:05,161 - tcex -     INFO - platform="Linux-5.14.0-611.54.6.el9_7.x86_64-x86_64-with-glibc2.34" (logger.py:_log_platform:275:MainThread)
2026-07-22 23:30:05,162 - tcex -     INFO - pid=1079757 (logger.py:_log_platform:276:MainThread)
2026-07-22 23:30:05,162 - tcex -     INFO - python-version=3.11.14 (logger.py:_log_python_version:280:MainThread)
2026-07-22 23:30:05,163 - tcex -     INFO - env-all-proxy=None (logger.py:_log_environment:262:MainThread)
2026-07-22 23:30:05,163 - tcex -     INFO - env-http-proxy=None (logger.py:_log_environment:263:MainThread)
2026-07-22 23:30:05,164 - tcex -     INFO - env-https-proxy=None (logger.py:_log_environment:264:MainThread)
2026-07-22 23:30:05,164 - tcex -     INFO - env-no-proxy=None (logger.py:_log_environment:265:MainThread)
2026-07-22 23:30:05,165 - tcex -     INFO - env-curl-ca-bundle=None (logger.py:_log_environment:266:MainThread)
2026-07-22 23:30:05,165 - tcex -     INFO - env-request-ca-bundle=None (logger.py:_log_environment:267:MainThread)
2026-07-22 23:30:05,166 - tcex -     INFO - env-ssl-cert-file=None (logger.py:_log_environment:268:MainThread)
2026-07-22 23:30:05,167 - tcex -     INFO - certifi-where=/opt/threatconnect/exchange/programs/organization/TC_-_PIR_IOC_Enrichment_Polarity_v0/deps/certifi/cacert.pem (logger.py:_log_environment:271:MainThread)
2026-07-22 23:30:05,167 - tcex -     INFO - tcex-version=4.0.10 (logger.py:_log_tcex_version:298:MainThread)
2026-07-22 23:30:05,179 - tcex -     INFO - feature=external-session, action=applying-retry, retries=3, backoff-factor=0.3, status-forcelist=None, url=https:// (external_session.py:retry:374:MainThread)
2026-07-22 23:30:05,482 - tcex -    DEBUG - feature=tc-session, method=GET, request-url=https://success.threatconnect.com/api/v3/indicators?tql=%28ownerName+in+%28%22Capella+Community%22%29%29+and+tag+%3D+%22enrichment%3Apolarity%22&resultLimit=100, status-code=200, elapsed=0:00:00.301574 (tc_session.py:request:100:MainThread)
2026-07-22 23:30:05,483 - tcex -     INFO - Found 0 already-enriched summar(ies) in owner Capella Community (app.py:run:36:MainThread)
2026-07-22 23:30:06,337 - tcex -    DEBUG - feature=tc-session, method=GET, request-url=https://success.threatconnect.com/api/v3/indicators?tql=%28hasGroup%28hasIntelRequirement%28id%3D2251799821516206%29%29%29+and+%28not+hasIntelRequirement%28id%3D2251799821516206%29%29+and+%28calScore+%3E+200%29&sorting=calScore+DESC&fields=tags%2CassociatedGroups&resultLimit=100, status-code=200, elapsed=0:00:00.851795 (tc_session.py:request:100:MainThread)
2026-07-22 23:30:06,339 - tcex -     INFO - Fetched 100 indicator(s) for PIR 2251799821516206 (app.py:run:49:MainThread)
2026-07-22 23:30:06,838 - tcex -    DEBUG - feature=external-session, request-url=https://polaritydm.polarity.io/api/integrations, status_code=200, elapsed=0:00:00.435066 (external_session.py:request:306:MainThread)
2026-07-22 23:30:07,529 - tcex -    DEBUG - feature=external-session, request-url=https://polaritydm.polarity.io/api/integrations/google_threat_intelligence_3_1_2_node_18_bf9adae49f_1764076419232/lookup, status_code=200, elapsed=0:00:00.684943 (external_session.py:request:306:MainThread)
2026-07-22 23:30:07,819 - tcex -    DEBUG - feature=external-session, request-url=https://polaritydm.polarity.io/api/integrations/jira_3_7_7_node_18_932bc9b8be_1762374692208/lookup, status_code=200, elapsed=0:00:00.287989 (external_session.py:request:306:MainThread)
2026-07-22 23:30:08,000 - tcex -    DEBUG - feature=external-session, request-url=https://polaritydm.polarity.io/api/integrations/hybrid_analysis_3_2_1_node_18_1762946587850/lookup, status_code=200, elapsed=0:00:00.180242 (external_session.py:request:306:MainThread)
2026-07-22 23:30:08,416 - tcex -    DEBUG - feature=external-session, request-url=https://polaritydm.polarity.io/api/integrations/threatconnect_3_8_1_node_18_06df33889f_1760462039519/lookup, status_code=200, elapsed=0:00:00.414251 (external_session.py:request:306:MainThread)
2026-07-22 23:30:08,457 - tcex -    DEBUG - curl -X POST -H 'Accept: application/vnd.api+json' -H 'Accept-Encoding: deflate' -H 'Authorization: B****Q' -H 'Connection: keep-alive' -H 'Content-Length: 168' -H 'Content-Type: application/vnd.api+json' -H 'Cookie: _****c' -H 'User-Agent: TcEx/4.0.10, PIR IOC Enrichment (Polarity)/0.0.1' --data-binary @/tmp/body-file https://polaritydm.polarity.io/api/integrations/google_bigquery_3_0_0_node_18_c150bfc242_1770110718833/lookup (external_session.py:request:295:MainThread)
2026-07-22 23:30:08,458 - tcex -    DEBUG - feature=external-session, request-url=https://polaritydm.polarity.io/api/integrations/google_bigquery_3_0_0_node_18_c150bfc242_1770110718833/lookup, status_code=422, elapsed=0:00:00.038914 (external_session.py:request:306:MainThread)
2026-07-22 23:30:08,458 - tcex -  WARNING - Polarity lookup failed integration=google_bigquery_3_0_0_node_18_c150bfc242_1770110718833 status=422 reason=Unprocessable Entity (polarity.py:lookup_all:87:MainThread)
2026-07-22 23:30:08,687 - tcex -    DEBUG - feature=external-session, request-url=https://polaritydm.polarity.io/api/integrations/threatconnect_cal_3_1_0_node_18_76b8af3998_1760462030015/lookup, status_code=200, elapsed=0:00:00.227363 (external_session.py:request:306:MainThread)
2026-07-22 23:30:08,987 - tcex -    DEBUG - feature=external-session, request-url=https://polaritydm.polarity.io/api/integrations/virustotal_3_7_5_node_18_f251499708_1764076469677/lookup, status_code=200, elapsed=0:00:00.298442 (external_session.py:request:306:MainThread)
2026-07-22 23:30:09,559 - tcex -    DEBUG - feature=external-session, request-url=https://polaritydm.polarity.io/api/integrations/dataminr_pulse_3_1_15_node_18_1768600069595/lookup, status_code=200, elapsed=0:00:00.571155 (external_session.py:request:306:MainThread)
2026-07-22 23:30:10,043 - tcex -    DEBUG - feature=external-session, request-url=https://polaritydm.polarity.io/api/integrations/threatconnect_ioc_submission_3_3_1_node_18_330d3bd51b_1760462054029/lookup, status_code=200, elapsed=0:00:00.482802 (external_session.py:request:306:MainThread)
2026-07-22 23:30:12,242 - tcex -    DEBUG - feature=external-session, request-url=https://polaritydm.polarity.io/api/integrations/recorded_future_3_5_3_node_18_625687d3d3_1764076628769/lookup, status_code=200, elapsed=0:00:02.197321 (external_session.py:request:306:MainThread)
2026-07-22 23:30:12,628 - tcex -    DEBUG - feature=external-session, request-url=https://polaritydm.polarity.io/api/integrations/circl_hashlookup_3_0_3_node_18_1762946118407/lookup, status_code=200, elapsed=0:00:00.384701 (external_session.py:request:306:MainThread)
2026-07-22 23:30:12,685 - tcex -    DEBUG - feature=external-session, request-url=https://polaritydm.polarity.io/api/integrations/cyberchef_3_2_13_node_18_300498cdf1_1762946863609/lookup, status_code=200, elapsed=0:00:00.054998 (external_session.py:request:306:MainThread)
2026-07-22 23:30:12,834 - tcex -    DEBUG - curl -X POST -H 'Accept: application/vnd.api+json' -H 'Accept-Encoding: deflate' -H 'Authorization: B****Q' -H 'Connection: keep-alive' -H 'Content-Length: 168' -H 'Content-Type: application/vnd.api+json' -H 'Cookie: _****c' -H 'User-Agent: TcEx/4.0.10, PIR IOC Enrichment (Polarity)/0.0.1' --data-binary @/tmp/body-file https://polaritydm.polarity.io/api/integrations/flashpoint_3_4_0_node_18_f7fea5e788_1764076480068/lookup (external_session.py:request:295:MainThread)
2026-07-22 23:30:12,835 - tcex -    DEBUG - feature=external-session, request-url=https://polaritydm.polarity.io/api/integrations/flashpoint_3_4_0_node_18_f7fea5e788_1764076480068/lookup, status_code=422, elapsed=0:00:00.147582 (external_session.py:request:306:MainThread)
2026-07-22 23:30:12,835 - tcex -  WARNING - Polarity lookup failed integration=flashpoint_3_4_0_node_18_f7fea5e788_1764076480068 status=422 reason=Unprocessable Entity (polarity.py:lookup_all:87:MainThread)
2026-07-22 23:30:12,933 - tcex -    DEBUG - curl -X POST -H 'Accept: application/vnd.api+json' -H 'Accept-Encoding: deflate' -H 'Authorization: B****Q' -H 'Connection: keep-alive' -H 'Content-Length: 168' -H 'Content-Type: application/vnd.api+json' -H 'Cookie: _****c' -H 'User-Agent: TcEx/4.0.10, PIR IOC Enrichment (Polarity)/0.0.1' --data-binary @/tmp/body-file https://polaritydm.polarity.io/api/integrations/slack_3_3_0_node_18_988647b68b_1764077250224/lookup (external_session.py:request:295:MainThread)
2026-07-22 23:30:12,934 - tcex -    DEBUG - feature=external-session, request-url=https://polaritydm.polarity.io/api/integrations/slack_3_3_0_node_18_988647b68b_1764077250224/lookup, status_code=422, elapsed=0:00:00.097034 (external_session.py:request:306:MainThread)
2026-07-22 23:30:12,934 - tcex -  WARNING - Polarity lookup failed integration=slack_3_3_0_node_18_988647b68b_1764077250224 status=422 reason=Unprocessable Entity (polarity.py:lookup_all:87:MainThread)
2026-07-22 23:30:13,061 - tcex -    DEBUG - feature=external-session, request-url=https://polaritydm.polarity.io/api/integrations/dataminr_3_0_0_node_18_b529fb7417_1760461895651/lookup, status_code=200, elapsed=0:00:00.125583 (external_session.py:request:306:MainThread)
2026-07-22 23:32:13,169 - tcex -  WARNING - CAL document analysis failed: HTTPSConnectionPool(host='cal.threatconnect.com', port=443): Read timed out. (read timeout=120) (app.py:run:88:MainThread)
2026-07-22 23:32:13,667 - tcex -    DEBUG - feature=external-session, request-url=https://polaritydm.polarity.io/api/integrations/google_threat_intelligence_3_1_2_node_18_bf9adae49f_1764076419232/lookup, status_code=200, elapsed=0:00:00.495788 (external_session.py:request:306:MainThread)
2026-07-22 23:32:14,021 - tcex -    DEBUG - feature=external-session, request-url=https://polaritydm.polarity.io/api/integrations/jira_3_7_7_node_18_932bc9b8be_1762374692208/lookup, status_code=200, elapsed=0:00:00.352453 (external_session.py:request:306:MainThread)
2026-07-22 23:32:14,203 - tcex -    DEBUG - feature=external-session, request-url=https://polaritydm.polarity.io/api/integrations/hybrid_analysis_3_2_1_node_18_1762946587850/lookup, status_code=200, elapsed=0:00:00.180804 (external_session.py:request:306:MainThread)
2026-07-22 23:32:14,387 - tcex -    DEBUG - feature=external-session, request-url=https://polaritydm.polarity.io/api/integrations/threatconnect_3_8_1_node_18_06df33889f_1760462039519/lookup, status_code=200, elapsed=0:00:00.182662 (external_session.py:request:306:MainThread)
2026-07-22 23:32:14,429 - tcex -    DEBUG - curl -X POST -H 'Accept: application/vnd.api+json' -H 'Accept-Encoding: deflate' -H 'Authorization: B****Q' -H 'Connection: keep-alive' -H 'Content-Length: 168' -H 'Content-Type: application/vnd.api+json' -H 'Cookie: _****c' -H 'User-Agent: TcEx/4.0.10, PIR IOC Enrichment (Polarity)/0.0.1' --data-binary @/tmp/body-file https://polaritydm.polarity.io/api/integrations/google_bigquery_3_0_0_node_18_c150bfc242_1770110718833/lookup (external_session.py:request:295:MainThread)
2026-07-22 23:32:14,429 - tcex -    DEBUG - feature=external-session, request-url=https://polaritydm.polarity.io/api/integrations/google_bigquery_3_0_0_node_18_c150bfc242_1770110718833/lookup, status_code=422, elapsed=0:00:00.039917 (external_session.py:request:306:MainThread)
2026-07-22 23:32:14,430 - tcex -  WARNING - Polarity lookup failed integration=google_bigquery_3_0_0_node_18_c150bfc242_1770110718833 status=422 reason=Unprocessable Entity (polarity.py:lookup_all:87:MainThread)
2026-07-22 23:32:14,649 - tcex -    DEBUG - feature=external-session, request-url=https://polaritydm.polarity.io/api/integrations/threatconnect_cal_3_1_0_node_18_76b8af3998_1760462030015/lookup, status_code=200, elapsed=0:00:00.217981 (external_session.py:request:306:MainThread)
2026-07-22 23:32:14,973 - tcex -    DEBUG - feature=external-session, request-url=https://polaritydm.polarity.io/api/integrations/virustotal_3_7_5_node_18_f251499708_1764076469677/lookup, status_code=200, elapsed=0:00:00.323122 (external_session.py:request:306:MainThread)
2026-07-22 23:32:15,480 - tcex -    DEBUG - feature=external-session, request-url=https://polaritydm.polarity.io/api/integrations/dataminr_pulse_3_1_15_node_18_1768600069595/lookup, status_code=200, elapsed=0:00:00.504960 (external_session.py:request:306:MainThread)
2026-07-22 23:32:15,950 - tcex -    DEBUG - feature=external-session, request-url=https://polaritydm.polarity.io/api/integrations/threatconnect_ioc_submission_3_3_1_node_18_330d3bd51b_1760462054029/lookup, status_code=200, elapsed=0:00:00.468138 (external_session.py:request:306:MainThread)
2026-07-22 23:32:17,878 - tcex -    DEBUG - feature=external-session, request-url=https://polaritydm.polarity.io/api/integrations/recorded_future_3_5_3_node_18_625687d3d3_1764076628769/lookup, status_code=200, elapsed=0:00:01.914610 (external_session.py:request:306:MainThread)
2026-07-22 23:32:18,241 - tcex -    DEBUG - feature=external-session, request-url=https://polaritydm.polarity.io/api/integrations/circl_hashlookup_3_0_3_node_18_1762946118407/lookup, status_code=200, elapsed=0:00:00.361021 (external_session.py:request:306:MainThread)
2026-07-22 23:32:18,302 - tcex -    DEBUG - feature=external-session, request-url=https://polaritydm.polarity.io/api/integrations/cyberchef_3_2_13_node_18_300498cdf1_1762946863609/lookup, status_code=200, elapsed=0:00:00.059249 (external_session.py:request:306:MainThread)
2026-07-22 23:32:18,442 - tcex -    DEBUG - curl -X POST -H 'Accept: application/vnd.api+json' -H 'Accept-Encoding: deflate' -H 'Authorization: B****Q' -H 'Connection: keep-alive' -H 'Content-Length: 168' -H 'Content-Type: application/vnd.api+json' -H 'Cookie: _****c' -H 'User-Agent: TcEx/4.0.10, PIR IOC Enrichment (Polarity)/0.0.1' --data-binary @/tmp/body-file https://polaritydm.polarity.io/api/integrations/flashpoint_3_4_0_node_18_f7fea5e788_1764076480068/lookup (external_session.py:request:295:MainThread)
2026-07-22 23:32:18,443 - tcex -    DEBUG - feature=external-session, request-url=https://polaritydm.polarity.io/api/integrations/flashpoint_3_4_0_node_18_f7fea5e788_1764076480068/lookup, status_code=422, elapsed=0:00:00.138827 (external_session.py:request:306:MainThread)
2026-07-22 23:32:18,443 - tcex -  WARNING - Polarity lookup failed integration=flashpoint_3_4_0_node_18_f7fea5e788_1764076480068 status=422 reason=Unprocessable Entity (polarity.py:lookup_all:87:MainThread)
2026-07-22 23:32:18,541 - tcex -    DEBUG - curl -X POST -H 'Accept: application/vnd.api+json' -H 'Accept-Encoding: deflate' -H 'Authorization: B****Q' -H 'Connection: keep-alive' -H 'Content-Length: 168' -H 'Content-Type: application/vnd.api+json' -H 'Cookie: _****c' -H 'User-Agent: TcEx/4.0.10, PIR IOC Enrichment (Polarity)/0.0.1' --data-binary @/tmp/body-file https://polaritydm.polarity.io/api/integrations/slack_3_3_0_node_18_988647b68b_1764077250224/lookup (external_session.py:request:295:MainThread)
2026-07-22 23:32:18,542 - tcex -    DEBUG - feature=external-session, request-url=https://polaritydm.polarity.io/api/integrations/slack_3_3_0_node_18_988647b68b_1764077250224/lookup, status_code=422, elapsed=0:00:00.096241 (external_session.py:request:306:MainThread)
2026-07-22 23:32:18,542 - tcex -  WARNING - Polarity lookup failed integration=slack_3_3_0_node_18_988647b68b_1764077250224 status=422 reason=Unprocessable Entity (polarity.py:lookup_all:87:MainThread)
2026-07-22 23:32:18,669 - tcex -    DEBUG - feature=external-session, request-url=https://polaritydm.polarity.io/api/integrations/dataminr_3_0_0_node_18_b529fb7417_1760461895651/lookup, status_code=200, elapsed=0:00:00.125600 (external_session.py:request:306:MainThread)
2026-07-22 23:32:35,154 - tcex -    DEBUG - Token renewal barrier enabled. (token.py:token_renewal_monitor:265:token-renewal)
2026-07-22 23:32:40,155 - tcex -    DEBUG - Token renewal barrier disabled. (token.py:token_renewal_monitor:301:token-renewal)
2026-07-22 23:34:18,427 - tcex -    DEBUG - CAL document analyze status=200 (doc_analysis.py:analyze_document:107:MainThread)
2026-07-22 23:34:19,987 - tcex -    DEBUG - feature=tc-session, method=POST, request-url=https://success.threatconnect.com/api/v3/indicators, status-code=201, elapsed=0:00:01.554690 (tc_session.py:request:100:MainThread)
2026-07-22 23:34:20,448 - tcex -    DEBUG - feature=external-session, request-url=https://polaritydm.polarity.io/api/integrations/google_threat_intelligence_3_1_2_node_18_bf9adae49f_1764076419232/lookup, status_code=200, elapsed=0:00:00.459282 (external_session.py:request:306:MainThread)
2026-07-22 23:34:20,722 - tcex -    DEBUG - feature=external-session, request-url=https://polaritydm.polarity.io/api/integrations/jira_3_7_7_node_18_932bc9b8be_1762374692208/lookup, status_code=200, elapsed=0:00:00.272845 (external_session.py:request:306:MainThread)
2026-07-22 23:34:20,894 - tcex -    DEBUG - feature=external-session, request-url=https://polaritydm.polarity.io/api/integrations/hybrid_analysis_3_2_1_node_18_1762946587850/lookup, status_code=200, elapsed=0:00:00.170491 (external_session.py:request:306:MainThread)
2026-07-22 23:34:21,081 - tcex -    DEBUG - feature=external-session, request-url=https://polaritydm.polarity.io/api/integrations/threatconnect_3_8_1_node_18_06df33889f_1760462039519/lookup, status_code=200, elapsed=0:00:00.185201 (external_session.py:request:306:MainThread)
2026-07-22 23:34:21,124 - tcex -    DEBUG - curl -X POST -H 'Accept: application/vnd.api+json' -H 'Accept-Encoding: deflate' -H 'Authorization: B****Q' -H 'Connection: keep-alive' -H 'Content-Length: 168' -H 'Content-Type: application/vnd.api+json' -H 'Cookie: _****c' -H 'User-Agent: TcEx/4.0.10, PIR IOC Enrichment (Polarity)/0.0.1' --data-binary @/tmp/body-file https://polaritydm.polarity.io/api/integrations/google_bigquery_3_0_0_node_18_c150bfc242_1770110718833/lookup (external_session.py:request:295:MainThread)
2026-07-22 23:34:21,124 - tcex -    DEBUG - feature=external-session, request-url=https://polaritydm.polarity.io/api/integrations/google_bigquery_3_0_0_node_18_c150bfc242_1770110718833/lookup, status_code=422, elapsed=0:00:00.041211 (external_session.py:request:306:MainThread)
2026-07-22 23:34:21,125 - tcex -  WARNING - Polarity lookup failed integration=google_bigquery_3_0_0_node_18_c150bfc242_1770110718833 status=422 reason=Unprocessable Entity (polarity.py:lookup_all:87:MainThread)
2026-07-22 23:34:21,337 - tcex -    DEBUG - feature=external-session, request-url=https://polaritydm.polarity.io/api/integrations/threatconnect_cal_3_1_0_node_18_76b8af3998_1760462030015/lookup, status_code=200, elapsed=0:00:00.211275 (external_session.py:request:306:MainThread)
2026-07-22 23:34:21,640 - tcex -    DEBUG - feature=external-session, request-url=https://polaritydm.polarity.io/api/integrations/virustotal_3_7_5_node_18_f251499708_1764076469677/lookup, status_code=200, elapsed=0:00:00.301444 (external_session.py:request:306:MainThread)
2026-07-22 23:34:22,000 - tcex -    DEBUG - feature=external-session, request-url=https://polaritydm.polarity.io/api/integrations/dataminr_pulse_3_1_15_node_18_1768600069595/lookup, status_code=200, elapsed=0:00:00.358426 (external_session.py:request:306:MainThread)
2026-07-22 23:34:22,733 - tcex -    DEBUG - feature=external-session, request-url=https://polaritydm.polarity.io/api/integrations/threatconnect_ioc_submission_3_3_1_node_18_330d3bd51b_1760462054029/lookup, status_code=200, elapsed=0:00:00.718729 (external_session.py:request:306:MainThread)
2026-07-22 23:34:23,941 - tcex -    DEBUG - feature=external-session, request-url=https://polaritydm.polarity.io/api/integrations/recorded_future_3_5_3_node_18_625687d3d3_1764076628769/lookup, status_code=200, elapsed=0:00:01.194693 (external_session.py:request:306:MainThread)
2026-07-22 23:34:24,291 - tcex -    DEBUG - feature=external-session, request-url=https://polaritydm.polarity.io/api/integrations/circl_hashlookup_3_0_3_node_18_1762946118407/lookup, status_code=200, elapsed=0:00:00.348792 (external_session.py:request:306:MainThread)
2026-07-22 23:34:24,357 - tcex -    DEBUG - feature=external-session, request-url=https://polaritydm.polarity.io/api/integrations/cyberchef_3_2_13_node_18_300498cdf1_1762946863609/lookup, status_code=200, elapsed=0:00:00.064325 (external_session.py:request:306:MainThread)
2026-07-22 23:34:24,497 - tcex -    DEBUG - curl -X POST -H 'Accept: application/vnd.api+json' -H 'Accept-Encoding: deflate' -H 'Authorization: B****Q' -H 'Connection: keep-alive' -H 'Content-Length: 168' -H 'Content-Type: application/vnd.api+json' -H 'Cookie: _****c' -H 'User-Agent: TcEx/4.0.10, PIR IOC Enrichment (Polarity)/0.0.1' --data-binary @/tmp/body-file https://polaritydm.polarity.io/api/integrations/flashpoint_3_4_0_node_18_f7fea5e788_1764076480068/lookup (external_session.py:request:295:MainThread)
2026-07-22 23:34:24,498 - tcex -    DEBUG - feature=external-session, request-url=https://polaritydm.polarity.io/api/integrations/flashpoint_3_4_0_node_18_f7fea5e788_1764076480068/lookup, status_code=422, elapsed=0:00:00.138827 (external_session.py:request:306:MainThread)
2026-07-22 23:34:24,498 - tcex -  WARNING - Polarity lookup failed integration=flashpoint_3_4_0_node_18_f7fea5e788_1764076480068 status=422 reason=Unprocessable Entity (polarity.py:lookup_all:87:MainThread)
2026-07-22 23:34:24,589 - tcex -    DEBUG - curl -X POST -H 'Accept: application/vnd.api+json' -H 'Accept-Encoding: deflate' -H 'Authorization: B****Q' -H 'Connection: keep-alive' -H 'Content-Length: 168' -H 'Content-Type: application/vnd.api+json' -H 'Cookie: _****c' -H 'User-Agent: TcEx/4.0.10, PIR IOC Enrichment (Polarity)/0.0.1' --data-binary @/tmp/body-file https://polaritydm.polarity.io/api/integrations/slack_3_3_0_node_18_988647b68b_1764077250224/lookup (external_session.py:request:295:MainThread)
2026-07-22 23:34:24,590 - tcex -    DEBUG - feature=external-session, request-url=https://polaritydm.polarity.io/api/integrations/slack_3_3_0_node_18_988647b68b_1764077250224/lookup, status_code=422, elapsed=0:00:00.089974 (external_session.py:request:306:MainThread)
2026-07-22 23:34:24,590 - tcex -  WARNING - Polarity lookup failed integration=slack_3_3_0_node_18_988647b68b_1764077250224 status=422 reason=Unprocessable Entity (polarity.py:lookup_all:87:MainThread)
2026-07-22 23:34:24,719 - tcex -    DEBUG - feature=external-session, request-url=https://polaritydm.polarity.io/api/integrations/dataminr_3_0_0_node_18_b529fb7417_1760461895651/lookup, status_code=200, elapsed=0:00:00.126828 (external_session.py:request:306:MainThread)
